---
source: crates/oxc_semantic/tests/main.rs
input_file: crates/oxc_semantic/tests/fixtures/typescript-eslint/destructuring/array.ts
---
[
  {
    "children": [],
    "flags": "ScopeFlags(StrictMode | Top)",
    "id": 0,
    "node": "Program",
    "symbols": [
      {
        "flags": "SymbolFlags(BlockScopedVariable)",
        "id": 0,
        "name": "a",
        "node": "VariableDeclarator(<destructure>)",
        "references": []
      },
      {
        "flags": "SymbolFlags(BlockScopedVariable)",
        "id": 1,
        "name": "b",
        "node": "VariableDeclarator(<destructure>)",
        "references": []
      },
      {
        "flags": "SymbolFlags(BlockScopedVariable)",
        "id": 2,
        "name": "c",
        "node": "VariableDeclarator(<destructure>)",
        "references": []
      },
      {
        "flags": "SymbolFlags(BlockScopedVariable)",
        "id": 3,
        "name": "d",
        "node": "VariableDeclarator(<destructure>)",
        "references": []
      },
      {
        "flags": "SymbolFlags(BlockScopedVariable)",
        "id": 4,
        "name": "e",
        "node": "VariableDeclarator(<destructure>)",
        "references": []
      },
      {
        "flags": "SymbolFlags(BlockScopedVariable)",
        "id": 5,
        "name": "f",
        "node": "VariableDeclarator(<destructure>)",
        "references": []
      },
      {
        "flags": "SymbolFlags(BlockScopedVariable)",
        "id": 6,
        "name": "rest",
        "node": "VariableDeclarator(<destructure>)",
        "references": []
      }
    ]
  }
]
