File                       | File size      || Sys allocs     | Sys reallocs   || Arena allocs   | Arena reallocs | Arena bytes    
-------------------------------------------------------------------------------------------------------------------------------------------
checker.ts                 | 2.92 MB        ||          84072 |          14189 ||         153630 |          29463 | 5.624 MB      

cal.com.tsx                | 1.06 MB        ||          40524 |           3029 ||          37065 |           4733 | 1.654 MB      

RadixUIAdoptionSection.jsx | 2.52 kB        ||             82 |              8 ||             30 |              6 | 992 B         

pdf.mjs                    | 567.30 kB      ||          19577 |           2898 ||          47403 |           7782 | 1.624 MB      

antd.js                    | 4.12 MB        ||         115026 |          15149 ||         275588 |          60441 | 14.716 MB     

binder.ts                  | 193.08 kB      ||           4767 |            974 ||           7059 |            834 | 201.192 kB    

