semantic_misc Summary:
AST Parsed     : 49/49 (100.00%)
Positive Passed: 31/49 (63.27%)
semantic Error: tasks/coverage/misc/pass/oxc-11593.ts
Scope children mismatch:
after transform: ScopeId(0): [ScopeId(1)]
rebuilt        : ScopeId(0): [ScopeId(1), ScopeId(2), ScopeId(4)]
Scope children mismatch:
after transform: ScopeId(1): [ScopeId(2), ScopeId(4)]
rebuilt        : ScopeId(1): []
Scope parent mismatch:
after transform: ScopeId(2): Some(ScopeId(1))
rebuilt        : ScopeId(2): Some(ScopeId(0))
Scope parent mismatch:
after transform: ScopeId(4): Some(ScopeId(1))
rebuilt        : ScopeId(4): Some(ScopeId(0))
Unresolved reference IDs mismatch for "String":
after transform: [ReferenceId(7), ReferenceId(8)]
rebuilt        : [ReferenceId(9)]

semantic Error: tasks/coverage/misc/pass/oxc-1288.ts
Bindings mismatch:
after transform: ScopeId(0): ["from"]
rebuilt        : ScopeId(0): []

semantic Error: tasks/coverage/misc/pass/oxc-1289.ts
Bindings mismatch:
after transform: ScopeId(0): ["infer", "target", "type"]
rebuilt        : ScopeId(0): []

semantic Error: tasks/coverage/misc/pass/oxc-13284.js
Scope children mismatch:
after transform: ScopeId(133): [ScopeId(134), ScopeId(136), ScopeId(141), ScopeId(142), ScopeId(143), ScopeId(144)]
rebuilt        : ScopeId(134): [ScopeId(135), ScopeId(137), ScopeId(138), ScopeId(139), ScopeId(143), ScopeId(144), ScopeId(145), ScopeId(146)]
Scope parent mismatch:
after transform: ScopeId(137): Some(ScopeId(136))
rebuilt        : ScopeId(137): Some(ScopeId(134))
Scope parent mismatch:
after transform: ScopeId(139): Some(ScopeId(136))
rebuilt        : ScopeId(138): Some(ScopeId(134))
Scope children mismatch:
after transform: ScopeId(136): [ScopeId(137), ScopeId(138), ScopeId(139), ScopeId(140), ScopeId(398)]
rebuilt        : ScopeId(139): [ScopeId(140), ScopeId(141), ScopeId(142)]
Scope children mismatch:
after transform: ScopeId(400): [ScopeId(148), ScopeId(152), ScopeId(153), ScopeId(159)]
rebuilt        : ScopeId(151): [ScopeId(152), ScopeId(153), ScopeId(157), ScopeId(158), ScopeId(165)]
Scope parent mismatch:
after transform: ScopeId(149): Some(ScopeId(148))
rebuilt        : ScopeId(152): Some(ScopeId(151))
Scope children mismatch:
after transform: ScopeId(148): [ScopeId(149), ScopeId(150), ScopeId(151), ScopeId(401)]
rebuilt        : ScopeId(153): [ScopeId(154), ScopeId(155), ScopeId(156)]
Scope children mismatch:
after transform: ScopeId(154): [ScopeId(155)]
rebuilt        : ScopeId(159): [ScopeId(160), ScopeId(161)]
Scope parent mismatch:
after transform: ScopeId(156): Some(ScopeId(155))
rebuilt        : ScopeId(160): Some(ScopeId(159))
Scope children mismatch:
after transform: ScopeId(155): [ScopeId(156), ScopeId(157), ScopeId(158), ScopeId(402)]
rebuilt        : ScopeId(161): [ScopeId(162), ScopeId(163), ScopeId(164)]
Scope children mismatch:
after transform: ScopeId(176): [ScopeId(177), ScopeId(181), ScopeId(182), ScopeId(187)]
rebuilt        : ScopeId(168): [ScopeId(169), ScopeId(170), ScopeId(174), ScopeId(175), ScopeId(181)]
Scope parent mismatch:
after transform: ScopeId(178): Some(ScopeId(177))
rebuilt        : ScopeId(169): Some(ScopeId(168))
Scope children mismatch:
after transform: ScopeId(177): [ScopeId(178), ScopeId(179), ScopeId(180), ScopeId(405)]
rebuilt        : ScopeId(170): [ScopeId(171), ScopeId(172), ScopeId(173)]
Scope children mismatch:
after transform: ScopeId(190): [ScopeId(191), ScopeId(195), ScopeId(196), ScopeId(202)]
rebuilt        : ScopeId(184): [ScopeId(185), ScopeId(186), ScopeId(190), ScopeId(191), ScopeId(198)]
Scope parent mismatch:
after transform: ScopeId(192): Some(ScopeId(191))
rebuilt        : ScopeId(185): Some(ScopeId(184))
Scope children mismatch:
after transform: ScopeId(191): [ScopeId(192), ScopeId(193), ScopeId(194), ScopeId(407)]
rebuilt        : ScopeId(186): [ScopeId(187), ScopeId(188), ScopeId(189)]
Scope children mismatch:
after transform: ScopeId(197): [ScopeId(198)]
rebuilt        : ScopeId(192): [ScopeId(193), ScopeId(194)]
Scope parent mismatch:
after transform: ScopeId(199): Some(ScopeId(198))
rebuilt        : ScopeId(193): Some(ScopeId(192))
Scope children mismatch:
after transform: ScopeId(198): [ScopeId(199), ScopeId(200), ScopeId(201), ScopeId(408)]
rebuilt        : ScopeId(194): [ScopeId(195), ScopeId(196), ScopeId(197)]
Scope children mismatch:
after transform: ScopeId(205): [ScopeId(206), ScopeId(210), ScopeId(211), ScopeId(216)]
rebuilt        : ScopeId(201): [ScopeId(202), ScopeId(203), ScopeId(207), ScopeId(208), ScopeId(214)]
Scope parent mismatch:
after transform: ScopeId(207): Some(ScopeId(206))
rebuilt        : ScopeId(202): Some(ScopeId(201))
Scope children mismatch:
after transform: ScopeId(206): [ScopeId(207), ScopeId(208), ScopeId(209), ScopeId(409)]
rebuilt        : ScopeId(203): [ScopeId(204), ScopeId(205), ScopeId(206)]
Scope children mismatch:
after transform: ScopeId(168): [ScopeId(169)]
rebuilt        : ScopeId(224): [ScopeId(225), ScopeId(226)]
Scope parent mismatch:
after transform: ScopeId(170): Some(ScopeId(169))
rebuilt        : ScopeId(225): Some(ScopeId(224))
Scope children mismatch:
after transform: ScopeId(169): [ScopeId(170), ScopeId(171), ScopeId(172), ScopeId(404)]
rebuilt        : ScopeId(226): [ScopeId(227), ScopeId(228), ScopeId(229)]
Scope children mismatch:
after transform: ScopeId(219): [ScopeId(220), ScopeId(224), ScopeId(225), ScopeId(231)]
rebuilt        : ScopeId(233): [ScopeId(234), ScopeId(235), ScopeId(239), ScopeId(240), ScopeId(247)]
Scope parent mismatch:
after transform: ScopeId(221): Some(ScopeId(220))
rebuilt        : ScopeId(234): Some(ScopeId(233))
Scope children mismatch:
after transform: ScopeId(220): [ScopeId(221), ScopeId(222), ScopeId(223), ScopeId(411)]
rebuilt        : ScopeId(235): [ScopeId(236), ScopeId(237), ScopeId(238)]
Scope children mismatch:
after transform: ScopeId(226): [ScopeId(227)]
rebuilt        : ScopeId(241): [ScopeId(242), ScopeId(243)]
Scope parent mismatch:
after transform: ScopeId(228): Some(ScopeId(227))
rebuilt        : ScopeId(242): Some(ScopeId(241))
Scope children mismatch:
after transform: ScopeId(227): [ScopeId(228), ScopeId(229), ScopeId(230), ScopeId(412)]
rebuilt        : ScopeId(243): [ScopeId(244), ScopeId(245), ScopeId(246)]
Scope children mismatch:
after transform: ScopeId(266): [ScopeId(267), ScopeId(338), ScopeId(342), ScopeId(343), ScopeId(344), ScopeId(332)]
rebuilt        : ScopeId(282): [ScopeId(283), ScopeId(349), ScopeId(355), ScopeId(356), ScopeId(360), ScopeId(361), ScopeId(362)]
Scope parent mismatch:
after transform: ScopeId(339): Some(ScopeId(338))
rebuilt        : ScopeId(355): Some(ScopeId(282))
Scope children mismatch:
after transform: ScopeId(338): [ScopeId(339), ScopeId(340), ScopeId(341), ScopeId(414)]
rebuilt        : ScopeId(356): [ScopeId(357), ScopeId(358), ScopeId(359)]
Scope children mismatch:
after transform: ScopeId(348): [ScopeId(349), ScopeId(355), ScopeId(358)]
rebuilt        : ScopeId(367): [ScopeId(368), ScopeId(374), ScopeId(377), ScopeId(379)]
Scope children mismatch:
after transform: ScopeId(358): [ScopeId(359), ScopeId(363)]
rebuilt        : ScopeId(377): [ScopeId(378)]
Scope parent mismatch:
after transform: ScopeId(359): Some(ScopeId(358))
rebuilt        : ScopeId(379): Some(ScopeId(367))
Scope children mismatch:
after transform: ScopeId(365): [ScopeId(366), ScopeId(372), ScopeId(375)]
rebuilt        : ScopeId(384): [ScopeId(385), ScopeId(391), ScopeId(394), ScopeId(396)]
Scope children mismatch:
after transform: ScopeId(375): [ScopeId(376), ScopeId(380)]
rebuilt        : ScopeId(394): [ScopeId(395)]
Scope parent mismatch:
after transform: ScopeId(376): Some(ScopeId(375))
rebuilt        : ScopeId(396): Some(ScopeId(384))
Scope children mismatch:
after transform: ScopeId(381): [ScopeId(382), ScopeId(388), ScopeId(391)]
rebuilt        : ScopeId(400): [ScopeId(401), ScopeId(407), ScopeId(410), ScopeId(412)]
Scope children mismatch:
after transform: ScopeId(391): [ScopeId(392), ScopeId(396)]
rebuilt        : ScopeId(410): [ScopeId(411)]
Scope parent mismatch:
after transform: ScopeId(392): Some(ScopeId(391))
rebuilt        : ScopeId(412): Some(ScopeId(400))
Symbol reference IDs mismatch for "_decorateMetadata":
after transform: SymbolId(166): [ReferenceId(68), ReferenceId(70), ReferenceId(72), ReferenceId(74), ReferenceId(76), ReferenceId(77), ReferenceId(78), ReferenceId(80), ReferenceId(81), ReferenceId(82), ReferenceId(106), ReferenceId(108), ReferenceId(110), ReferenceId(111), ReferenceId(112), ReferenceId(120), ReferenceId(122), ReferenceId(124), ReferenceId(125), ReferenceId(126), ReferenceId(134), ReferenceId(136), ReferenceId(138), ReferenceId(139), ReferenceId(140), ReferenceId(148), ReferenceId(150), ReferenceId(152), ReferenceId(153), ReferenceId(154), ReferenceId(162), ReferenceId(164), ReferenceId(166), ReferenceId(167), ReferenceId(168), ReferenceId(186), ReferenceId(188), ReferenceId(190), ReferenceId(191), ReferenceId(192), ReferenceId(200), ReferenceId(202), ReferenceId(204), ReferenceId(205), ReferenceId(206), ReferenceId(224), ReferenceId(226), ReferenceId(228), ReferenceId(229), ReferenceId(230), ReferenceId(238), ReferenceId(240), ReferenceId(242), ReferenceId(243), ReferenceId(244), ReferenceId(262), ReferenceId(264), ReferenceId(266), ReferenceId(267), ReferenceId(268), ReferenceId(276), ReferenceId(278), ReferenceId(280), ReferenceId(281), ReferenceId(282), ReferenceId(300), ReferenceId(302), ReferenceId(304), ReferenceId(305), ReferenceId(306), ReferenceId(429), ReferenceId(431), ReferenceId(433), ReferenceId(434), ReferenceId(435), ReferenceId(453), ReferenceId(455), ReferenceId(457), ReferenceId(459), ReferenceId(461), ReferenceId(462), ReferenceId(463), ReferenceId(465), ReferenceId(466), ReferenceId(467), ReferenceId(483), ReferenceId(484), ReferenceId(485), ReferenceId(487), ReferenceId(488), ReferenceId(489), ReferenceId(491), ReferenceId(492), ReferenceId(493), ReferenceId(497), ReferenceId(498), ReferenceId(499), ReferenceId(501), ReferenceId(502), ReferenceId(503), ReferenceId(505), ReferenceId(506), ReferenceId(507), ReferenceId(511), ReferenceId(512), ReferenceId(513), ReferenceId(515), ReferenceId(516), ReferenceId(517), ReferenceId(519), ReferenceId(520), ReferenceId(521)]
rebuilt        : SymbolId(3): [ReferenceId(63), ReferenceId(67), ReferenceId(71), ReferenceId(75), ReferenceId(79), ReferenceId(81), ReferenceId(82), ReferenceId(85), ReferenceId(87), ReferenceId(88), ReferenceId(97), ReferenceId(107), ReferenceId(121), ReferenceId(125), ReferenceId(129), ReferenceId(131), ReferenceId(132), ReferenceId(140), ReferenceId(153), ReferenceId(157), ReferenceId(161), ReferenceId(163), ReferenceId(164), ReferenceId(172), ReferenceId(185), ReferenceId(189), ReferenceId(193), ReferenceId(195), ReferenceId(196), ReferenceId(204), ReferenceId(231), ReferenceId(264), ReferenceId(300), ReferenceId(307), ReferenceId(314), ReferenceId(316), ReferenceId(317), ReferenceId(343), ReferenceId(385), ReferenceId(389), ReferenceId(393), ReferenceId(395), ReferenceId(396), ReferenceId(405), ReferenceId(409), ReferenceId(413), ReferenceId(417), ReferenceId(421), ReferenceId(423), ReferenceId(424), ReferenceId(427), ReferenceId(429), ReferenceId(430), ReferenceId(434), ReferenceId(436), ReferenceId(437), ReferenceId(440), ReferenceId(442), ReferenceId(443), ReferenceId(447), ReferenceId(449), ReferenceId(450)]
Symbol span mismatch for "Inner5":
after transform: SymbolId(57): Span { start: 4573, end: 4579 }
rebuilt        : SymbolId(69): Span { start: 0, end: 0 }
Symbol span mismatch for "Inner5":
after transform: SymbolId(164): Span { start: 0, end: 0 }
rebuilt        : SymbolId(70): Span { start: 4573, end: 4579 }
Symbol span mismatch for "Inner4":
after transform: SymbolId(126): Span { start: 12166, end: 12172 }
rebuilt        : SymbolId(169): Span { start: 0, end: 0 }
Symbol span mismatch for "Inner4":
after transform: SymbolId(200): Span { start: 0, end: 0 }
rebuilt        : SymbolId(170): Span { start: 12166, end: 12172 }
Reference flags mismatch for "_super$foo7":
after transform: ReferenceId(170): ReferenceFlags(Read | Write)
rebuilt        : ReferenceId(115): ReferenceFlags(Write)
Reference flags mismatch for "_super$foo10":
after transform: ReferenceId(208): ReferenceFlags(Read | Write)
rebuilt        : ReferenceId(147): ReferenceFlags(Write)
Reference flags mismatch for "_super$foo13":
after transform: ReferenceId(246): ReferenceFlags(Read | Write)
rebuilt        : ReferenceId(179): ReferenceFlags(Write)
Reference flags mismatch for "_super$foo16":
after transform: ReferenceId(284): ReferenceFlags(Read | Write)
rebuilt        : ReferenceId(288): ReferenceFlags(Write)
Reference flags mismatch for "_super$foo19":
after transform: ReferenceId(437): ReferenceFlags(Read | Write)
rebuilt        : ReferenceId(379): ReferenceFlags(Write)
Unresolved reference IDs mismatch for "Object":
after transform: [ReferenceId(67), ReferenceId(69), ReferenceId(71), ReferenceId(73), ReferenceId(105), ReferenceId(107), ReferenceId(119), ReferenceId(121), ReferenceId(133), ReferenceId(135), ReferenceId(147), ReferenceId(149), ReferenceId(161), ReferenceId(163), ReferenceId(185), ReferenceId(187), ReferenceId(199), ReferenceId(201), ReferenceId(223), ReferenceId(225), ReferenceId(237), ReferenceId(239), ReferenceId(261), ReferenceId(263), ReferenceId(275), ReferenceId(277), ReferenceId(299), ReferenceId(301), ReferenceId(428), ReferenceId(430), ReferenceId(452), ReferenceId(454), ReferenceId(456), ReferenceId(458)]
rebuilt        : [ReferenceId(64), ReferenceId(68), ReferenceId(72), ReferenceId(76), ReferenceId(98), ReferenceId(108), ReferenceId(122), ReferenceId(126), ReferenceId(141), ReferenceId(154), ReferenceId(158), ReferenceId(173), ReferenceId(186), ReferenceId(190), ReferenceId(205), ReferenceId(232), ReferenceId(265), ReferenceId(301), ReferenceId(308), ReferenceId(344), ReferenceId(386), ReferenceId(390), ReferenceId(406), ReferenceId(410), ReferenceId(414), ReferenceId(418)]
Unresolved reference IDs mismatch for "Function":
after transform: [ReferenceId(75), ReferenceId(79), ReferenceId(109), ReferenceId(123), ReferenceId(137), ReferenceId(151), ReferenceId(165), ReferenceId(189), ReferenceId(203), ReferenceId(227), ReferenceId(241), ReferenceId(265), ReferenceId(279), ReferenceId(303), ReferenceId(432), ReferenceId(460), ReferenceId(464), ReferenceId(482), ReferenceId(486), ReferenceId(490), ReferenceId(496), ReferenceId(500), ReferenceId(504), ReferenceId(510), ReferenceId(514), ReferenceId(518)]
rebuilt        : [ReferenceId(80), ReferenceId(86), ReferenceId(130), ReferenceId(162), ReferenceId(194), ReferenceId(315), ReferenceId(394), ReferenceId(422), ReferenceId(428), ReferenceId(435), ReferenceId(441), ReferenceId(448)]

semantic Error: tasks/coverage/misc/pass/oxc-13284.ts
Symbol reference IDs mismatch for "_super":
after transform: SymbolId(13): [ReferenceId(8)]
rebuilt        : SymbolId(4): []
Unresolved references mismatch:
after transform: ["Super", "super"]
rebuilt        : ["Super"]

semantic Error: tasks/coverage/misc/pass/oxc-2087.ts
Scope children mismatch:
after transform: ScopeId(0): [ScopeId(1)]
rebuilt        : ScopeId(0): []

semantic Error: tasks/coverage/misc/pass/oxc-2394.ts
Scope children mismatch:
after transform: ScopeId(0): [ScopeId(1)]
rebuilt        : ScopeId(0): []

semantic Error: tasks/coverage/misc/pass/oxc-2562.ts
Symbol span mismatch for "HooksController":
after transform: SymbolId(0): Span { start: 67, end: 82 }
rebuilt        : SymbolId(1): Span { start: 0, end: 0 }
Symbol span mismatch for "HooksController":
after transform: SymbolId(1): Span { start: 0, end: 0 }
rebuilt        : SymbolId(2): Span { start: 67, end: 82 }

semantic Error: tasks/coverage/misc/pass/oxc-2592.ts
Scope children mismatch:
after transform: ScopeId(0): [ScopeId(1)]
rebuilt        : ScopeId(0): []

semantic Error: tasks/coverage/misc/pass/oxc-3443.tsx
Unresolved references mismatch:
after transform: ["F"]
rebuilt        : []

semantic Error: tasks/coverage/misc/pass/oxc-3910.ts
Scope children mismatch:
after transform: ScopeId(2): [ScopeId(3)]
rebuilt        : ScopeId(2): []
Unresolved references mismatch:
after transform: ["ServicesAccessor"]
rebuilt        : []

semantic Error: tasks/coverage/misc/pass/oxc-3948-1.ts
Bindings mismatch:
after transform: ScopeId(0): ["BrowserWorkingCopyBackupTracker", "CancellationToken", "DisposableStore", "EditorPart", "EditorService", "IEditorGroupsService", "IEditorService", "IFilesConfigurationService", "IInstantiationService", "ILifecycleService", "ILogService", "IUntitledTextResourceEditorInput", "IWorkingCopyBackup", "IWorkingCopyBackupService", "IWorkingCopyEditorHandler", "IWorkingCopyEditorService", "IWorkingCopyService", "InMemoryTestWorkingCopyBackupService", "LifecyclePhase", "Schemas", "TestServiceAccessor", "TestWorkingCopy", "URI", "UntitledTextEditorInput", "VSBuffer", "_asyncToGenerator", "_decorate", "_decorateMetadata", "_decorateParam", "_defineProperty", "assert", "bufferToReadable", "createEditorPart", "ensureNoDisposablesAreLeakedInTestSuite", "isWindows", "registerTestResourceEditor", "timeout", "toResource", "toTypedWorkingCopyId", "toUntypedWorkingCopyId", "workbenchInstantiationService", "workbenchTeardown"]
rebuilt        : ScopeId(0): ["BrowserWorkingCopyBackupTracker", "DisposableStore", "EditorService", "IEditorGroupsService", "IEditorService", "IFilesConfigurationService", "ILifecycleService", "ILogService", "IWorkingCopyBackupService", "IWorkingCopyEditorService", "IWorkingCopyService", "InMemoryTestWorkingCopyBackupService", "LifecyclePhase", "Schemas", "TestServiceAccessor", "TestWorkingCopy", "URI", "UntitledTextEditorInput", "VSBuffer", "_asyncToGenerator", "_decorate", "_decorateMetadata", "_decorateParam", "_defineProperty", "assert", "bufferToReadable", "createEditorPart", "ensureNoDisposablesAreLeakedInTestSuite", "isWindows", "registerTestResourceEditor", "timeout", "toResource", "toTypedWorkingCopyId", "toUntypedWorkingCopyId", "workbenchInstantiationService", "workbenchTeardown"]
Symbol reference IDs mismatch for "URI":
after transform: SymbolId(1): [ReferenceId(109), ReferenceId(117), ReferenceId(156), ReferenceId(158), ReferenceId(160), ReferenceId(162)]
rebuilt        : SymbolId(1): [ReferenceId(212), ReferenceId(214), ReferenceId(216), ReferenceId(218)]
Symbol reference IDs mismatch for "IEditorService":
after transform: SymbolId(2): [ReferenceId(23), ReferenceId(24), ReferenceId(67), ReferenceId(184), ReferenceId(370), ReferenceId(371)]
rebuilt        : SymbolId(2): [ReferenceId(38), ReferenceId(73), ReferenceId(74), ReferenceId(111), ReferenceId(239)]
Symbol reference IDs mismatch for "IEditorGroupsService":
after transform: SymbolId(4): [ReferenceId(25), ReferenceId(26), ReferenceId(57), ReferenceId(176), ReferenceId(375), ReferenceId(376)]
rebuilt        : SymbolId(3): [ReferenceId(40), ReferenceId(78), ReferenceId(79), ReferenceId(102), ReferenceId(232)]
Symbol reference IDs mismatch for "EditorService":
after transform: SymbolId(5): [ReferenceId(61), ReferenceId(64), ReferenceId(178), ReferenceId(181)]
rebuilt        : SymbolId(4): [ReferenceId(108), ReferenceId(236)]
Symbol reference IDs mismatch for "IWorkingCopyBackupService":
after transform: SymbolId(7): [ReferenceId(11), ReferenceId(12), ReferenceId(51), ReferenceId(170), ReferenceId(340), ReferenceId(341)]
rebuilt        : SymbolId(5): [ReferenceId(26), ReferenceId(43), ReferenceId(44), ReferenceId(96), ReferenceId(226)]
Symbol reference IDs mismatch for "IFilesConfigurationService":
after transform: SymbolId(10): [ReferenceId(13), ReferenceId(14), ReferenceId(345), ReferenceId(346)]
rebuilt        : SymbolId(8): [ReferenceId(28), ReferenceId(48), ReferenceId(49)]
Symbol reference IDs mismatch for "IWorkingCopyService":
after transform: SymbolId(11): [ReferenceId(15), ReferenceId(16), ReferenceId(350), ReferenceId(351)]
rebuilt        : SymbolId(9): [ReferenceId(30), ReferenceId(53), ReferenceId(54)]
Symbol reference IDs mismatch for "ILogService":
after transform: SymbolId(13): [ReferenceId(19), ReferenceId(20), ReferenceId(360), ReferenceId(361)]
rebuilt        : SymbolId(10): [ReferenceId(34), ReferenceId(63), ReferenceId(64)]
Symbol reference IDs mismatch for "ILifecycleService":
after transform: SymbolId(14): [ReferenceId(17), ReferenceId(18), ReferenceId(355), ReferenceId(356)]
rebuilt        : SymbolId(11): [ReferenceId(32), ReferenceId(58), ReferenceId(59)]
Symbol reference IDs mismatch for "UntitledTextEditorInput":
after transform: SymbolId(17): [ReferenceId(38), ReferenceId(87)]
rebuilt        : SymbolId(13): [ReferenceId(83)]
Symbol reference IDs mismatch for "InMemoryTestWorkingCopyBackupService":
after transform: SymbolId(19): [ReferenceId(43), ReferenceId(46), ReferenceId(165)]
rebuilt        : SymbolId(15): [ReferenceId(91), ReferenceId(221)]
Symbol reference IDs mismatch for "TestServiceAccessor":
after transform: SymbolId(21): [ReferenceId(1), ReferenceId(40), ReferenceId(71), ReferenceId(155), ReferenceId(188)]
rebuilt        : SymbolId(17): [ReferenceId(115), ReferenceId(243)]
Symbol reference IDs mismatch for "IWorkingCopyEditorService":
after transform: SymbolId(32): [ReferenceId(21), ReferenceId(22), ReferenceId(365), ReferenceId(366)]
rebuilt        : SymbolId(26): [ReferenceId(36), ReferenceId(68), ReferenceId(69)]
Symbol span mismatch for "TestWorkingCopyBackupTracker":
after transform: SymbolId(39): Span { start: 3208, end: 3236 }
rebuilt        : SymbolId(46): Span { start: 0, end: 0 }
Symbol reference IDs mismatch for "TestWorkingCopyBackupTracker":
after transform: SymbolId(39): [ReferenceId(42), ReferenceId(74), ReferenceId(154), ReferenceId(215), ReferenceId(392), ReferenceId(394)]
rebuilt        : SymbolId(46): [ReferenceId(23), ReferenceId(82), ReferenceId(118), ReferenceId(270)]
Symbol span mismatch for "TestWorkingCopyBackupTracker":
after transform: SymbolId(144): Span { start: 0, end: 0 }
rebuilt        : SymbolId(47): Span { start: 3208, end: 3236 }
Unresolved reference IDs mismatch for "Promise":
after transform: [ReferenceId(36), ReferenceId(39), ReferenceId(82), ReferenceId(114), ReferenceId(153), ReferenceId(282)]
rebuilt        : [ReferenceId(343)]

semantic Error: tasks/coverage/misc/pass/oxc-4449.ts
Bindings mismatch:
after transform: ScopeId(1): ["A", "baz"]
rebuilt        : ScopeId(1): ["A"]
Scope flags mismatch:
after transform: ScopeId(1): ScopeFlags(StrictMode)
rebuilt        : ScopeId(1): ScopeFlags(StrictMode | Function)
Bindings mismatch:
after transform: ScopeId(2): ["B", "baz"]
rebuilt        : ScopeId(2): ["B"]
Scope flags mismatch:
after transform: ScopeId(2): ScopeFlags(StrictMode)
rebuilt        : ScopeId(2): ScopeFlags(StrictMode | Function)
Bindings mismatch:
after transform: ScopeId(3): ["C", "baz"]
rebuilt        : ScopeId(3): ["C"]
Scope flags mismatch:
after transform: ScopeId(3): ScopeFlags(StrictMode)
rebuilt        : ScopeId(3): ScopeFlags(StrictMode | Function)
Bindings mismatch:
after transform: ScopeId(4): ["D", "baz"]
rebuilt        : ScopeId(4): ["D"]
Scope flags mismatch:
after transform: ScopeId(4): ScopeFlags(StrictMode)
rebuilt        : ScopeId(4): ScopeFlags(StrictMode | Function)
Bindings mismatch:
after transform: ScopeId(5): ["E", "baz"]
rebuilt        : ScopeId(5): ["E"]
Scope flags mismatch:
after transform: ScopeId(5): ScopeFlags(StrictMode)
rebuilt        : ScopeId(5): ScopeFlags(StrictMode | Function)
Bindings mismatch:
after transform: ScopeId(6): ["F", "baz"]
rebuilt        : ScopeId(6): ["F"]
Scope flags mismatch:
after transform: ScopeId(6): ScopeFlags(StrictMode)
rebuilt        : ScopeId(6): ScopeFlags(StrictMode | Function)
Bindings mismatch:
after transform: ScopeId(7): ["G", "baz"]
rebuilt        : ScopeId(7): ["G"]
Scope flags mismatch:
after transform: ScopeId(7): ScopeFlags(StrictMode)
rebuilt        : ScopeId(7): ScopeFlags(StrictMode | Function)
Bindings mismatch:
after transform: ScopeId(8): ["H", "baz"]
rebuilt        : ScopeId(8): ["H"]
Scope flags mismatch:
after transform: ScopeId(8): ScopeFlags(StrictMode)
rebuilt        : ScopeId(8): ScopeFlags(StrictMode | Function)
Symbol flags mismatch for "A":
after transform: SymbolId(0): SymbolFlags(RegularEnum)
rebuilt        : SymbolId(0): SymbolFlags(FunctionScopedVariable)
Symbol flags mismatch for "B":
after transform: SymbolId(2): SymbolFlags(RegularEnum)
rebuilt        : SymbolId(2): SymbolFlags(FunctionScopedVariable)
Symbol flags mismatch for "C":
after transform: SymbolId(4): SymbolFlags(RegularEnum)
rebuilt        : SymbolId(4): SymbolFlags(FunctionScopedVariable)
Symbol flags mismatch for "D":
after transform: SymbolId(6): SymbolFlags(RegularEnum)
rebuilt        : SymbolId(6): SymbolFlags(FunctionScopedVariable)
Symbol flags mismatch for "E":
after transform: SymbolId(8): SymbolFlags(RegularEnum)
rebuilt        : SymbolId(8): SymbolFlags(FunctionScopedVariable)
Symbol flags mismatch for "F":
after transform: SymbolId(10): SymbolFlags(RegularEnum)
rebuilt        : SymbolId(10): SymbolFlags(FunctionScopedVariable)
Symbol flags mismatch for "G":
after transform: SymbolId(12): SymbolFlags(RegularEnum)
rebuilt        : SymbolId(12): SymbolFlags(FunctionScopedVariable)
Symbol flags mismatch for "H":
after transform: SymbolId(14): SymbolFlags(RegularEnum)
rebuilt        : SymbolId(14): SymbolFlags(FunctionScopedVariable)

semantic Error: tasks/coverage/misc/pass/oxc-5177.ts
Scope children mismatch:
after transform: ScopeId(0): [ScopeId(1), ScopeId(2)]
rebuilt        : ScopeId(0): [ScopeId(1)]

semantic Error: tasks/coverage/misc/pass/oxc-5955.ts
Scope children mismatch:
after transform: ScopeId(0): [ScopeId(1), ScopeId(2), ScopeId(3)]
rebuilt        : ScopeId(0): [ScopeId(1), ScopeId(2)]

semantic Error: tasks/coverage/misc/pass/oxc-8193.ts
Scope flags mismatch:
after transform: ScopeId(1): ScopeFlags(StrictMode)
rebuilt        : ScopeId(1): ScopeFlags(StrictMode | Function)
Symbol flags mismatch for "A":
after transform: SymbolId(0): SymbolFlags(ConstEnum)
rebuilt        : SymbolId(0): SymbolFlags(FunctionScopedVariable)

semantic Error: tasks/coverage/misc/pass/oxc-9215.ts
Unresolved references mismatch:
after transform: ["a", "b", "d", "e"]
rebuilt        : ["a", "b", "e"]

semantic Error: tasks/coverage/misc/pass/swc-7187.ts
Scope children mismatch:
after transform: ScopeId(0): [ScopeId(1)]
rebuilt        : ScopeId(0): []

