transformer_misc Summary:
AST Parsed     : 49/49 (100.00%)
Positive Passed: 48/49 (97.96%)
Mismatch: tasks/coverage/misc/pass/oxc-13284.js

